Archive member included to satisfy reference by file (symbol)

/usr/lib/gcc/arm-none-eabi/4.9.2/../../../../arm-none-eabi/lib/armv7e-m/libg.a(lib_a-memcmp.o)
                              build/obj/main.o (memcmp)
/usr/lib/gcc/arm-none-eabi/4.9.2/../../../../arm-none-eabi/lib/armv7e-m/libg.a(lib_a-memcpy.o)
                              build/obj/sdc_lld.o (memcpy)
/usr/lib/gcc/arm-none-eabi/4.9.2/../../../../arm-none-eabi/lib/armv7e-m/libg.a(lib_a-memset.o)
                              build/obj/syscalls.o (memset)
/usr/lib/gcc/arm-none-eabi/4.9.2/../../../../arm-none-eabi/lib/armv7e-m/libg.a(lib_a-strcasecmp.o)
                              build/obj/shell.o (strcasecmp)
/usr/lib/gcc/arm-none-eabi/4.9.2/../../../../arm-none-eabi/lib/armv7e-m/libg.a(lib_a-strpbrk.o)
                              build/obj/shell.o (strpbrk)
/usr/lib/gcc/arm-none-eabi/4.9.2/../../../../arm-none-eabi/lib/armv7e-m/libg.a(lib_a-strspn.o)
                              build/obj/shell.o (strspn)
/usr/lib/gcc/arm-none-eabi/4.9.2/../../../../arm-none-eabi/lib/armv7e-m/libg.a(lib_a-ctype_.o)
                              /usr/lib/gcc/arm-none-eabi/4.9.2/../../../../arm-none-eabi/lib/armv7e-m/libg.a(lib_a-strcasecmp.o) (__ctype_ptr__)

Discarded input sections

 .text          0x0000000000000000        0x0 build/obj/crt0.o
 .data          0x0000000000000000        0x0 build/obj/crt0.o
 .bss           0x0000000000000000        0x0 build/obj/crt0.o
 .text.__early_init
                0x0000000000000000       0x10 build/obj/crt0.o
 .text          0x0000000000000000        0x0 build/obj/vectors.o
 .data          0x0000000000000000        0x0 build/obj/vectors.o
 .bss           0x0000000000000000        0x0 build/obj/vectors.o
 .text          0x0000000000000000        0x0 build/obj/chcore.o
 .data          0x0000000000000000        0x0 build/obj/chcore.o
 .bss           0x0000000000000000        0x0 build/obj/chcore.o
 .text          0x0000000000000000        0x0 build/obj/chcore_v7m.o
 .data          0x0000000000000000        0x0 build/obj/chcore_v7m.o
 .bss           0x0000000000000000        0x0 build/obj/chcore_v7m.o
 .text          0x0000000000000000        0x0 build/obj/nvic.o
 .data          0x0000000000000000        0x0 build/obj/nvic.o
 .bss           0x0000000000000000        0x0 build/obj/nvic.o
 .text.nvicDisableVector
                0x0000000000000000       0x40 build/obj/nvic.o
 .text          0x0000000000000000        0x0 build/obj/chsys.o
 .data          0x0000000000000000        0x0 build/obj/chsys.o
 .bss           0x0000000000000000        0x0 build/obj/chsys.o
 .text          0x0000000000000000        0x0 build/obj/chdebug.o
 .data          0x0000000000000000        0x0 build/obj/chdebug.o
 .bss           0x0000000000000000        0x0 build/obj/chdebug.o
 .text.dbg_check_disable
                0x0000000000000000       0x30 build/obj/chdebug.o
 .text.dbg_check_suspend
                0x0000000000000000       0x30 build/obj/chdebug.o
 .text          0x0000000000000000        0x0 build/obj/chlists.o
 .data          0x0000000000000000        0x0 build/obj/chlists.o
 .bss           0x0000000000000000        0x0 build/obj/chlists.o
 .debug_info    0x0000000000000000       0x79 build/obj/chlists.o
 .debug_abbrev  0x0000000000000000       0x26 build/obj/chlists.o
 .debug_aranges
                0x0000000000000000       0x18 build/obj/chlists.o
 .debug_line    0x0000000000000000       0x1d build/obj/chlists.o
 .debug_str     0x0000000000000000      0x1cf build/obj/chlists.o
 .comment       0x0000000000000000       0x34 build/obj/chlists.o
 .ARM.attributes
                0x0000000000000000       0x33 build/obj/chlists.o
 .text          0x0000000000000000        0x0 build/obj/chvt.o
 .data          0x0000000000000000        0x0 build/obj/chvt.o
 .bss           0x0000000000000000        0x0 build/obj/chvt.o
 .text          0x0000000000000000        0x0 build/obj/chschd.o
 .data          0x0000000000000000        0x0 build/obj/chschd.o
 .bss           0x0000000000000000        0x0 build/obj/chschd.o
 .text.chSchRescheduleS
                0x0000000000000000       0x30 build/obj/chschd.o
 .text          0x0000000000000000        0x0 build/obj/chthreads.o
 .data          0x0000000000000000        0x0 build/obj/chthreads.o
 .bss           0x0000000000000000        0x0 build/obj/chthreads.o
 .text._thread_memfill
                0x0000000000000000       0x10 build/obj/chthreads.o
 .text.chThdSetPriority
                0x0000000000000000       0x50 build/obj/chthreads.o
 .text.chThdResume
                0x0000000000000000       0x40 build/obj/chthreads.o
 .text.chThdTerminate
                0x0000000000000000       0x30 build/obj/chthreads.o
 .text.chThdSleepUntil
                0x0000000000000000       0x30 build/obj/chthreads.o
 .text.chThdYield
                0x0000000000000000       0x30 build/obj/chthreads.o
 .text.chThdWait
                0x0000000000000000       0x80 build/obj/chthreads.o
[...]
Memory Configuration

Name             Origin             Length             Attributes
flash            0x0000000008000000 0x0000000000100000
ram              0x0000000020000000 0x000000000001c000
ethram           0x000000002001c000 0x0000000000004000
ccmram           0x0000000010000000 0x0000000000010000
*default*        0x0000000000000000 0xffffffffffffffff

Linker script and memory map

LOAD build/obj/crt0.o
LOAD build/obj/vectors.o
LOAD build/obj/chcore.o
LOAD build/obj/chcore_v7m.o
LOAD build/obj/nvic.o
LOAD build/obj/chsys.o
LOAD build/obj/chdebug.o
LOAD build/obj/chlists.o
LOAD build/obj/chvt.o
LOAD build/obj/chschd.o
LOAD build/obj/chthreads.o
LOAD build/obj/chdynamic.o
LOAD build/obj/chregistry.o
LOAD build/obj/chsem.o
LOAD build/obj/chmtx.o
LOAD build/obj/chcond.o
LOAD build/obj/chevents.o
LOAD build/obj/chmsg.o
LOAD build/obj/chmboxes.o
LOAD build/obj/chqueues.o
LOAD build/obj/chmemcore.o
LOAD build/obj/chheap.o
LOAD build/obj/chmempools.o
LOAD build/obj/hal.o
LOAD build/obj/adc.o
LOAD build/obj/can.o
LOAD build/obj/ext.o
LOAD build/obj/gpt.o
LOAD build/obj/i2c.o
LOAD build/obj/icu.o
LOAD build/obj/mac.o
LOAD build/obj/mmc_spi.o
LOAD build/obj/mmcsd.o
LOAD build/obj/pal.o
LOAD build/obj/pwm.o
LOAD build/obj/rtc.o
LOAD build/obj/sdc.o
LOAD build/obj/serial.o
LOAD build/obj/serial_usb.o
LOAD build/obj/spi.o
LOAD build/obj/tm.o
LOAD build/obj/uart.o
LOAD build/obj/usb.o
LOAD build/obj/stm32_dma.o
LOAD build/obj/hal_lld.o
LOAD build/obj/adc_lld.o
LOAD build/obj/ext_lld_isr.o
LOAD build/obj/can_lld.o
LOAD build/obj/ext_lld.o
LOAD build/obj/mac_lld.o
LOAD build/obj/sdc_lld.o
LOAD build/obj/pal_lld.o
LOAD build/obj/i2c_lld.o
LOAD build/obj/usb_lld.o
LOAD build/obj/rtc_lld.o
LOAD build/obj/spi_lld.o
LOAD build/obj/gpt_lld.o
LOAD build/obj/icu_lld.o
LOAD build/obj/pwm_lld.o
LOAD build/obj/serial_lld.o
LOAD build/obj/uart_lld.o
LOAD build/obj/board.o
LOAD build/obj/fatfs_diskio.o
LOAD build/obj/fatfs_syscall.o
LOAD build/obj/ff.o
LOAD build/obj/ccsbcs.o
LOAD build/obj/evtimer.o
LOAD build/obj/syscalls.o
LOAD build/obj/shell.o
LOAD build/obj/chprintf.o
LOAD build/obj/main.o
                0x0000000000000400                __main_stack_size__ = 0x400
                0x0000000000000400                __process_stack_size__ = 0x400
                0x0000000020000000                __ram_start__ = ORIGIN (ram)
                0x000000000001c000                __ram_size__ = 0x1c000
                0x000000002001c000                __ram_end__ = (__ram_start__ + __ram_size__)
                0x0000000000000000                . = 0x0
                0x0000000000000000                _text = .

startup         0x0000000008000000      0x1ac
 *(vectors)
 vectors        0x0000000008000000      0x1ac build/obj/vectors.o
                0x0000000008000000                _vectors

constructors    0x00000000080001ac        0x0
                0x00000000080001ac                PROVIDE (__init_array_start, .)
 *(SORT(.init_array.*))
 *(.init_array)
                0x00000000080001ac                PROVIDE (__init_array_end, .)

destructors     0x00000000080001ac        0x0
                0x00000000080001ac                PROVIDE (__fini_array_start, .)
 *(.fini_array)
 *(SORT(.fini_array.*))
                0x00000000080001ac                PROVIDE (__fini_array_end, .)

.text           0x00000000080001b0     0x6754
 *(.text.startup.*)
 .text.startup.main
                0x00000000080001b0       0x60 build/obj/main.o
                0x00000000080001b0                main
 *(.text)
 .text          0x0000000008000210      0x134 /usr/lib/gcc/arm-none-eabi/4.9.2/../../../../arm-none-eabi/lib/armv7e-m/libg.a(lib_a-memcpy.o)
                0x0000000008000210                memcpy
 *(.text.*)
 *fill*         0x0000000008000344        0xc 
 .text.__late_init
                0x0000000008000350       0x10 build/obj/crt0.o
                0x0000000008000350                __late_init
 .text._default_exit
                0x0000000008000360       0x10 build/obj/crt0.o
                0x0000000008000360                _default_exit
 .text.ResetHandler
                0x0000000008000370      0x100 build/obj/crt0.o
                0x0000000008000370                ResetHandler
 .text._unhandled_exception
                0x0000000008000470       0x10 build/obj/vectors.o
                0x0000000008000470                Vector58
                0x0000000008000470                VectorE8
                0x0000000008000470                Vector9C
                0x0000000008000470                VectorAC
                0x0000000008000470                Vector1A0
                0x0000000008000470                Vector5C
                0x0000000008000470                NMIVector
                0x0000000008000470                Vector11C
                0x0000000008000470                Vector19C
                0x0000000008000470                Vector8C
                0x0000000008000470                VectorDC
                0x0000000008000470                Vector168
                0x0000000008000470                Vector110
                0x0000000008000470                VectorC8
                0x0000000008000470                Vector94
                0x0000000008000470                VectorA8
                0x0000000008000470                VectorB4
                0x0000000008000470                Vector160
                0x0000000008000470                VectorEC
                0x0000000008000470                UsageFaultVector
                0x0000000008000470                DebugMonitorVector
                0x0000000008000470                Vector40
                0x0000000008000470                VectorF8
                0x0000000008000470                Vector108
                0x0000000008000470                VectorBC
                0x0000000008000470                Vector190
                0x0000000008000470                Vector148
                0x0000000008000470                Vector188
                0x0000000008000470                PendSVVector
                0x0000000008000470                Vector198
                0x0000000008000470                Vector118
                0x0000000008000470                Vector64
                0x0000000008000470                VectorCC
                0x0000000008000470                Vector54
                0x0000000008000470                Vector98
                0x0000000008000470                Vector138
                0x0000000008000470                Vector24
                0x0000000008000470                Vector178
                0x0000000008000470                Vector1A4
                0x0000000008000470                BusFaultVector
                0x0000000008000470                VectorD0
                0x0000000008000470                Vector140
                0x0000000008000470                VectorE4
                0x0000000008000470                VectorC0
                0x0000000008000470                HardFaultVector
                0x0000000008000470                Vector134
                0x0000000008000470                VectorF0
                0x0000000008000470                Vector13C
                0x0000000008000470                Vector100
                0x0000000008000470                VectorE0
                0x0000000008000470                VectorF4
                0x0000000008000470                MemManageVector
                0x0000000008000470                VectorA0
                0x0000000008000470                VectorC4
                0x0000000008000470                Vector180
                0x0000000008000470                VectorB0
                0x0000000008000470                Vector90
                0x0000000008000470                Vector114
                0x0000000008000470                Vector164
                0x0000000008000470                Vector60
                0x0000000008000470                Vector1C
                0x0000000008000470                Vector17C
                0x0000000008000470                Vector48
                0x0000000008000470                Vector1A8
                0x0000000008000470                Vector16C
                0x0000000008000470                VectorD4
                0x0000000008000470                Vector4C
                0x0000000008000470                Vector144
                0x0000000008000470                Vector15C
                0x0000000008000470                Vector68
                0x0000000008000470                _unhandled_exception
                0x0000000008000470                Vector170
                0x0000000008000470                Vector88
                0x0000000008000470                Vector184
                0x0000000008000470                Vector10C
                0x0000000008000470                Vector14C
                0x0000000008000470                Vector50
                0x0000000008000470                Vector194
                0x0000000008000470                Vector44
                0x0000000008000470                Vector28
                0x0000000008000470                VectorB8
                0x0000000008000470                Vector34
                0x0000000008000470                VectorA4
                0x0000000008000470                Vector20
                0x0000000008000470                Vector18C
                0x0000000008000470                Vector174
 .text.port_halt
                0x0000000008000480       0x10 build/obj/chcore.o
                0x0000000008000480                port_halt
 .text._port_switch_from_isr
                0x0000000008000490       0x10 build/obj/chcore_v7m.o
                0x0000000008000490                _port_switch_from_isr
 .text.SVCallVector
                0x00000000080004a0       0x20 build/obj/chcore_v7m.o
                0x00000000080004a0                SVCallVector
 .text._port_init
                0x00000000080004c0       0x30 build/obj/chcore_v7m.o
                0x00000000080004c0                _port_init
 .text._port_irq_epilogue
                0x00000000080004f0       0x80 build/obj/chcore_v7m.o
                0x00000000080004f0                _port_irq_epilogue
 .text.SysTickVector
                0x0000000008000570       0x30 build/obj/chcore_v7m.o
                0x0000000008000570                SysTickVector
 .text._port_switch
                0x00000000080005a0       0x10 build/obj/chcore_v7m.o
                0x00000000080005a0                _port_switch
 .text._port_thread_start
                0x00000000080005b0       0x20 build/obj/chcore_v7m.o
                0x00000000080005b0                _port_thread_start
 .text.nvicEnableVector
                0x00000000080005d0       0x50 build/obj/nvic.o
                0x00000000080005d0                nvicEnableVector
 .text.nvicSetSystemHandlerPriority
                0x0000000008000620       0x30 build/obj/nvic.o
                0x0000000008000620                nvicSetSystemHandlerPriority
 .text._idle_thread
                0x0000000008000650       0x20 build/obj/chsys.o
                0x0000000008000650                _idle_thread
 .text.chSysInit
                0x0000000008000670       0x70 build/obj/chsys.o
                0x0000000008000670                chSysInit
 .text.chSysTimerHandlerI
                0x00000000080006e0       0x70 build/obj/chsys.o
                0x00000000080006e0                chSysTimerHandlerI
 .text.dbg_check_enable
                0x0000000008000750       0x30 build/obj/chdebug.o
                0x0000000008000750                dbg_check_enable
 .text.dbg_check_lock
                0x0000000008000780       0x30 build/obj/chdebug.o
                0x0000000008000780                dbg_check_lock
 .text.dbg_check_unlock
                0x00000000080007b0       0x40 build/obj/chdebug.o
                0x00000000080007b0                dbg_check_unlock
 .text.dbg_check_lock_from_isr
                0x00000000080007f0       0x30 build/obj/chdebug.o
                0x00000000080007f0                dbg_check_lock_from_isr
 .text.dbg_check_unlock_from_isr
                0x0000000008000820       0x40 build/obj/chdebug.o
                0x0000000008000820                dbg_check_unlock_from_isr
 .text.dbg_check_enter_isr
                0x0000000008000860       0x40 build/obj/chdebug.o
                0x0000000008000860                dbg_check_enter_isr
 .text.dbg_check_leave_isr
                0x00000000080008a0       0x40 build/obj/chdebug.o
                0x00000000080008a0                dbg_check_leave_isr
 .text.chDbgCheckClassI
                0x00000000080008e0       0x30 build/obj/chdebug.o
                0x00000000080008e0                chDbgCheckClassI
 .text.chDbgCheckClassS
                0x0000000008000910       0x30 build/obj/chdebug.o
                0x0000000008000910                chDbgCheckClassS
 .text._trace_init
                0x0000000008000940       0x20 build/obj/chdebug.o
                0x0000000008000940                _trace_init
 .text.dbg_trace
                0x0000000008000960       0x40 build/obj/chdebug.o
                0x0000000008000960                dbg_trace
 .text.chDbgPanic
                0x00000000080009a0       0x10 build/obj/chdebug.o
                0x00000000080009a0                chDbgPanic
 .text._vt_init
                0x00000000080009b0       0x20 build/obj/chvt.o
                0x00000000080009b0                _vt_init
 .text.chVTSetI
                0x00000000080009d0       0x60 build/obj/chvt.o
                0x00000000080009d0                chVTSetI
 .text.chVTResetI
                0x0000000008000a30       0x50 build/obj/chvt.o
                0x0000000008000a30                chVTResetI
 .text._scheduler_init
                0x0000000008000a80       0x20 build/obj/chschd.o
                0x0000000008000a80                _scheduler_init
 .text.chSchReadyI
                0x0000000008000aa0       0x50 build/obj/chschd.o
                0x0000000008000aa0                chSchReadyI
 .text.wakeup   0x0000000008000af0       0x60 build/obj/chschd.o
 .text.chSchGoSleepS
                0x0000000008000b50       0x50 build/obj/chschd.o
                0x0000000008000b50                chSchGoSleepS
 .text.chSchGoSleepTimeoutS
                0x0000000008000ba0       0x50 build/obj/chschd.o
                0x0000000008000ba0                chSchGoSleepTimeoutS
 .text.chSchWakeupS
                0x0000000008000bf0       0x70 build/obj/chschd.o
                0x0000000008000bf0                chSchWakeupS
 .text.chSchDoRescheduleBehind
                0x0000000008000c60       0x50 build/obj/chschd.o
                0x0000000008000c60                chSchDoRescheduleBehind
 .text.chSchDoRescheduleAhead
                0x0000000008000cb0       0x60 build/obj/chschd.o
                0x0000000008000cb0                chSchDoRescheduleAhead
 .text.chSchDoReschedule
                0x0000000008000d10       0x20 build/obj/chschd.o
                0x0000000008000d10                chSchDoReschedule
 .text._thread_init
                0x0000000008000d30       0x60 build/obj/chthreads.o
                0x0000000008000d30                _thread_init
 .text.chThdCreateI
                0x0000000008000d90       0xa0 build/obj/chthreads.o
                0x0000000008000d90                chThdCreateI
 .text.chThdCreateStatic
                0x0000000008000e30       0x70 build/obj/chthreads.o
                0x0000000008000e30                chThdCreateStatic
 .text.chThdSleep
                0x0000000008000ea0       0x30 build/obj/chthreads.o
                0x0000000008000ea0                chThdSleep
 .text.chThdExitS
                0x0000000008000ed0       0x50 build/obj/chthreads.o
                0x0000000008000ed0                chThdExitS
 .text.chThdExit
                0x0000000008000f20       0x20 build/obj/chthreads.o
                0x0000000008000f20                chThdExit
 .text.chMtxInit
                0x0000000008000f40       0x20 build/obj/chmtx.o
                0x0000000008000f40                chMtxInit
 .text.chMtxLockS
                0x0000000008000f60      0x100 build/obj/chmtx.o
                0x0000000008000f60                chMtxLockS
 .text.chMtxLock
                0x0000000008001060       0x20 build/obj/chmtx.o
                0x0000000008001060                chMtxLock
 .text.chMtxUnlock
                0x0000000008001080       0x90 build/obj/chmtx.o
                0x0000000008001080                chMtxUnlock
 .text.chEvtSignalI
                0x0000000008001110       0x50 build/obj/chevents.o
                0x0000000008001110                chEvtSignalI
 .text.chEvtBroadcastFlagsI
                0x0000000008001160       0x40 build/obj/chevents.o
                0x0000000008001160                chEvtBroadcastFlagsI
 .text.qwait    0x00000000080011a0       0x30 build/obj/chqueues.o
 .text.chIQInit
                0x00000000080011d0       0x20 build/obj/chqueues.o
                0x00000000080011d0                chIQInit
 .text.chIQPutI
                0x00000000080011f0       0x60 build/obj/chqueues.o
                0x00000000080011f0                chIQPutI
 .text.chIQGetTimeout
                0x0000000008001250       0x70 build/obj/chqueues.o
                0x0000000008001250                chIQGetTimeout
 .text.chIQReadTimeout
                0x00000000080012c0       0x90 build/obj/chqueues.o
                0x00000000080012c0                chIQReadTimeout
 .text.chOQInit
                0x0000000008001350       0x20 build/obj/chqueues.o
                0x0000000008001350                chOQInit
 .text.chOQPutTimeout
                0x0000000008001370       0x70 build/obj/chqueues.o
                0x0000000008001370                chOQPutTimeout
 .text.chOQGetI
                0x00000000080013e0       0x50 build/obj/chqueues.o
                0x00000000080013e0                chOQGetI
 .text.chOQWriteTimeout
                0x0000000008001430       0xb0 build/obj/chqueues.o
                0x0000000008001430                chOQWriteTimeout
 .text._core_init
                0x00000000080014e0       0x30 build/obj/chmemcore.o
                0x00000000080014e0                _core_init
 .text.chCoreAllocI
                0x0000000008001510       0x30 build/obj/chmemcore.o
                0x0000000008001510                chCoreAllocI
 .text.chCoreAlloc
                0x0000000008001540       0x30 build/obj/chmemcore.o
                0x0000000008001540                chCoreAlloc
 .text._heap_init
                0x0000000008001570       0x20 build/obj/chheap.o
                0x0000000008001570                _heap_init
 .text.chHeapAlloc
                0x0000000008001590       0x80 build/obj/chheap.o
                0x0000000008001590                chHeapAlloc
 .text.chHeapFree
                0x0000000008001610       0xd0 build/obj/chheap.o
                0x0000000008001610                chHeapFree
 .text.halInit  0x00000000080016e0       0x20 build/obj/hal.o
                0x00000000080016e0                halInit
 .text.mmcsd_get_slice
                0x0000000008001700       0x60 build/obj/mmcsd.o
 .text.mmcsdGetCapacity
                0x0000000008001760       0x50 build/obj/mmcsd.o
                0x0000000008001760                mmcsdGetCapacity
 .text.sdcGetInfo
                0x00000000080017b0       0x30 build/obj/sdc.o
                0x00000000080017b0                sdcGetInfo
 .text.sdcConnect
                0x00000000080017e0      0x1e0 build/obj/sdc.o
                0x00000000080017e0                sdcConnect
 .text.sdcRead  0x00000000080019c0       0x60 build/obj/sdc.o
                0x00000000080019c0                sdcRead
 .text.sdcWrite
                0x0000000008001a20       0x60 build/obj/sdc.o
                0x0000000008001a20                sdcWrite
 .text.sdcSync  0x0000000008001a80       0x30 build/obj/sdc.o
                0x0000000008001a80                sdcSync
 .text._sdc_wait_for_transfer_state
                0x0000000008001ab0       0x40 build/obj/sdc.o
                0x0000000008001ab0                _sdc_wait_for_transfer_state
 .text.sdcDisconnect
                0x0000000008001af0       0x70 build/obj/sdc.o
                0x0000000008001af0                sdcDisconnect
 .text.sdcInit  0x0000000008001b60       0x10 build/obj/sdc.o
                0x0000000008001b60                sdcInit
 .text.sdcObjectInit
                0x0000000008001b70       0x20 build/obj/sdc.o
                0x0000000008001b70                sdcObjectInit
 .text.sdcStart
                0x0000000008001b90       0x50 build/obj/sdc.o
                0x0000000008001b90                sdcStart
 .text.sdcErase
                0x0000000008001be0       0xb0 build/obj/sdc.o
                0x0000000008001be0                sdcErase
 .text.readt    0x0000000008001c90       0x10 build/obj/serial.o
 .text.read     0x0000000008001ca0       0x10 build/obj/serial.o
 .text.writet   0x0000000008001cb0       0x10 build/obj/serial.o
 .text.write    0x0000000008001cc0       0x10 build/obj/serial.o
 .text.gett     0x0000000008001cd0       0x10 build/obj/serial.o
 .text.get      0x0000000008001ce0       0x10 build/obj/serial.o
 .text.putt     0x0000000008001cf0       0x10 build/obj/serial.o
 .text.put      0x0000000008001d00       0x10 build/obj/serial.o
 .text.sdInit   0x0000000008001d10       0x10 build/obj/serial.o
                0x0000000008001d10                sdInit
 .text.sdObjectInit
                0x0000000008001d20       0x40 build/obj/serial.o
                0x0000000008001d20                sdObjectInit
 .text.sdStart  0x0000000008001d60       0x50 build/obj/serial.o
                0x0000000008001d60                sdStart
 .text.sdIncomingDataI
                0x0000000008001db0       0x50 build/obj/serial.o
                0x0000000008001db0                sdIncomingDataI
 .text.Vector6C
                0x0000000008001e00       0x30 build/obj/stm32_dma.o
                0x0000000008001e00                Vector6C
 .text.Vector70
                0x0000000008001e30       0x40 build/obj/stm32_dma.o
                0x0000000008001e30                Vector70
 .text.Vector74
                0x0000000008001e70       0x40 build/obj/stm32_dma.o
                0x0000000008001e70                Vector74
 .text.Vector78
                0x0000000008001eb0       0x40 build/obj/stm32_dma.o
                0x0000000008001eb0                Vector78
 .text.Vector7C
                0x0000000008001ef0       0x30 build/obj/stm32_dma.o
                0x0000000008001ef0                Vector7C
 .text.Vector80
                0x0000000008001f20       0x40 build/obj/stm32_dma.o
                0x0000000008001f20                Vector80
 .text.Vector84
                0x0000000008001f60       0x40 build/obj/stm32_dma.o
                0x0000000008001f60                Vector84
 .text.VectorFC
                0x0000000008001fa0       0x40 build/obj/stm32_dma.o
                0x0000000008001fa0                VectorFC
 .text.Vector120
                0x0000000008001fe0       0x30 build/obj/stm32_dma.o
                0x0000000008001fe0                Vector120
 .text.Vector124
                0x0000000008002010       0x40 build/obj/stm32_dma.o
                0x0000000008002010                Vector124
 .text.Vector128
                0x0000000008002050       0x40 build/obj/stm32_dma.o
                0x0000000008002050                Vector128
 .text.Vector12C
                0x0000000008002090       0x40 build/obj/stm32_dma.o
                0x0000000008002090                Vector12C
 .text.Vector130
                0x00000000080020d0       0x30 build/obj/stm32_dma.o
                0x00000000080020d0                Vector130
 .text.Vector150
                0x0000000008002100       0x40 build/obj/stm32_dma.o
                0x0000000008002100                Vector150
 .text.Vector154
                0x0000000008002140       0x40 build/obj/stm32_dma.o
                0x0000000008002140                Vector154
 .text.Vector158
                0x0000000008002180       0x40 build/obj/stm32_dma.o
                0x0000000008002180                Vector158
 .text.dmaInit  0x00000000080021c0       0x50 build/obj/stm32_dma.o
                0x00000000080021c0                dmaInit
 .text.dmaStreamAllocate
                0x0000000008002210       0xc0 build/obj/stm32_dma.o
                0x0000000008002210                dmaStreamAllocate
 .text.hal_lld_init
                0x00000000080022d0       0xa0 build/obj/hal_lld.o
                0x00000000080022d0                hal_lld_init
 .text.stm32_clock_init
                0x0000000008002370       0xd0 build/obj/hal_lld.o
                0x0000000008002370                stm32_clock_init
 .text.sdc_lld_collect_errors.isra.0
                0x0000000008002440       0x40 build/obj/sdc_lld.o
 .text.Vector104
                0x0000000008002480       0x40 build/obj/sdc_lld.o
                0x0000000008002480                Vector104
 .text.sdc_lld_init
                0x00000000080024c0       0x30 build/obj/sdc_lld.o
                0x00000000080024c0                sdc_lld_init
 .text.sdc_lld_start
                0x00000000080024f0       0x70 build/obj/sdc_lld.o
                0x00000000080024f0                sdc_lld_start
 .text.sdc_lld_start_clk
                0x0000000008002560       0x20 build/obj/sdc_lld.o
                0x0000000008002560                sdc_lld_start_clk
 .text.sdc_lld_set_data_clk
                0x0000000008002580       0x10 build/obj/sdc_lld.o
                0x0000000008002580                sdc_lld_set_data_clk
 .text.sdc_lld_stop_clk
                0x0000000008002590       0x10 build/obj/sdc_lld.o
                0x0000000008002590                sdc_lld_stop_clk
 .text.sdc_lld_set_bus_mode
                0x00000000080025a0       0x30 build/obj/sdc_lld.o
                0x00000000080025a0                sdc_lld_set_bus_mode
 .text.sdc_lld_send_cmd_none
                0x00000000080025d0       0x20 build/obj/sdc_lld.o
                0x00000000080025d0                sdc_lld_send_cmd_none
 .text.sdc_lld_send_cmd_short
                0x00000000080025f0       0x40 build/obj/sdc_lld.o
                0x00000000080025f0                sdc_lld_send_cmd_short
 .text.sdc_lld_send_cmd_short_crc
                0x0000000008002630       0x40 build/obj/sdc_lld.o
                0x0000000008002630                sdc_lld_send_cmd_short_crc
 .text.sdc_lld_wait_transaction_end
                0x0000000008002670       0xb0 build/obj/sdc_lld.o
 .text.sdc_lld_error_cleanup
                0x0000000008002720       0x70 build/obj/sdc_lld.o
 .text.sdc_lld_send_cmd_long_crc
                0x0000000008002790       0x50 build/obj/sdc_lld.o
                0x0000000008002790                sdc_lld_send_cmd_long_crc
 .text.sdc_lld_read_aligned
                0x00000000080027e0       0xd0 build/obj/sdc_lld.o
                0x00000000080027e0                sdc_lld_read_aligned
 .text.sdc_lld_write_aligned
                0x00000000080028b0       0xd0 build/obj/sdc_lld.o
                0x00000000080028b0                sdc_lld_write_aligned
 .text.sdc_lld_read
                0x0000000008002980       0x60 build/obj/sdc_lld.o
                0x0000000008002980                sdc_lld_read
 .text.sdc_lld_write
                0x00000000080029e0       0x60 build/obj/sdc_lld.o
                0x00000000080029e0                sdc_lld_write
 .text.sdc_lld_sync
                0x0000000008002a40       0x10 build/obj/sdc_lld.o
                0x0000000008002a40                sdc_lld_sync
 .text._pal_lld_init
                0x0000000008002a50      0x1d0 build/obj/pal_lld.o
                0x0000000008002a50                _pal_lld_init
 .text.notify2  0x0000000008002c20       0x20 build/obj/serial_lld.o
 .text.VectorD8
                0x0000000008002c40      0x140 build/obj/serial_lld.o
                0x0000000008002c40                VectorD8
 .text.sd_lld_init
                0x0000000008002d80       0x20 build/obj/serial_lld.o
                0x0000000008002d80                sd_lld_init
 .text.sd_lld_start
                0x0000000008002da0       0xa0 build/obj/serial_lld.o
                0x0000000008002da0                sd_lld_start
 .text.__early_init
                0x0000000008002e40       0x10 build/obj/board.o
                0x0000000008002e40                __early_init
 .text.boardInit
                0x0000000008002e50       0x10 build/obj/board.o
                0x0000000008002e50                boardInit
 .text.sdc_lld_is_card_inserted
                0x0000000008002e60       0x20 build/obj/board.o
                0x0000000008002e60                sdc_lld_is_card_inserted
 .text.sdc_lld_is_write_protected
                0x0000000008002e80       0x10 build/obj/board.o
                0x0000000008002e80                sdc_lld_is_write_protected
 .text.disk_initialize
                0x0000000008002e90       0x30 build/obj/fatfs_diskio.o
                0x0000000008002e90                disk_initialize
 .text.disk_status
                0x0000000008002ec0       0x30 build/obj/fatfs_diskio.o
                0x0000000008002ec0                disk_status
 .text.disk_read
                0x0000000008002ef0       0x30 build/obj/fatfs_diskio.o
                0x0000000008002ef0                disk_read
 .text.disk_write
                0x0000000008002f20       0x30 build/obj/fatfs_diskio.o
                0x0000000008002f20                disk_write
 .text.disk_ioctl
                0x0000000008002f50       0x50 build/obj/fatfs_diskio.o
                0x0000000008002f50                disk_ioctl
 .text.get_fattime
                0x0000000008002fa0       0x10 build/obj/fatfs_diskio.o
                0x0000000008002fa0                get_fattime
 .text.ff_memalloc
                0x0000000008002fb0       0x10 build/obj/fatfs_syscall.o
                0x0000000008002fb0                ff_memalloc
 .text.ff_memfree
                0x0000000008002fc0       0x10 build/obj/fatfs_syscall.o
                0x0000000008002fc0                ff_memfree
 .text.move_window
                0x0000000008002fd0       0x80 build/obj/ff.o
 .text.get_fileinfo
                0x0000000008003050      0x110 build/obj/ff.o
 .text.sync     0x0000000008003160       0x80 build/obj/ff.o
 .text.check_fs
                0x00000000080031e0       0x50 build/obj/ff.o
 .text.chk_mounted
                0x0000000008003230      0x220 build/obj/ff.o
 .text.validate
                0x0000000008003450       0x30 build/obj/ff.o
 .text.get_fat.part.3
                0x0000000008003480       0xa0 build/obj/ff.o
 .text.dir_sdi  0x0000000008003520       0xa0 build/obj/ff.o
 .text.put_fat.part.4
                0x00000000080035c0      0x100 build/obj/ff.o
 .text.create_chain
                0x00000000080036c0       0xc0 build/obj/ff.o
 .text.dir_next
                0x0000000008003780      0x130 build/obj/ff.o
 .text.dir_find.part.5
                0x00000000080038b0      0x150 build/obj/ff.o
 .text.remove_chain.part.6
                0x0000000008003a00       0xc0 build/obj/ff.o
 .text.follow_path
                0x0000000008003ac0      0x2d0 build/obj/ff.o
 .text.gen_numname
                0x0000000008003d90       0xb0 build/obj/ff.o
                0x0000000008003d90                gen_numname
 .text.dir_register
                0x0000000008003e40      0x230 build/obj/ff.o
 .text.f_mount  0x0000000008004070       0x20 build/obj/ff.o
                0x0000000008004070                f_mount
 .text.f_open   0x0000000008004090      0x180 build/obj/ff.o
                0x0000000008004090                f_open
 .text.f_read   0x0000000008004210      0x1c0 build/obj/ff.o
                0x0000000008004210                f_read
 .text.f_write  0x00000000080043d0      0x210 build/obj/ff.o
                0x00000000080043d0                f_write
 .text.f_sync   0x00000000080045e0       0x90 build/obj/ff.o
                0x00000000080045e0                f_sync
 .text.f_close  0x0000000008004670       0x10 build/obj/ff.o
                0x0000000008004670                f_close
 .text.f_stat   0x0000000008004680       0x60 build/obj/ff.o
                0x0000000008004680                f_stat
 .text.f_getfree
                0x00000000080046e0      0x100 build/obj/ff.o
                0x00000000080046e0                f_getfree
 .text.ff_convert
                0x00000000080047e0       0x50 build/obj/ccsbcs.o
                0x00000000080047e0                ff_convert
 .text.ff_wtoupper
                0x0000000008004830       0x30 build/obj/ccsbcs.o
                0x0000000008004830                ff_wtoupper
 .text.chprintf
                0x0000000008004860       0x20 build/obj/shell.o
 .text.cmd_systime
                0x0000000008004880       0x30 build/obj/shell.o
 .text.cmd_info
                0x00000000080048b0       0xc0 build/obj/shell.o
 .text._strtok.constprop.2
                0x0000000008004970       0x40 build/obj/shell.o
 .text.shellInit
                0x00000000080049b0       0x10 build/obj/shell.o
                0x00000000080049b0                shellInit
 .text.shellExit
                0x00000000080049c0       0x30 build/obj/shell.o
                0x00000000080049c0                shellExit
 .text.shellCreateStatic
                0x00000000080049f0       0x20 build/obj/shell.o
                0x00000000080049f0                shellCreateStatic
 .text.shellGetLine
                0x0000000008004a10       0xa0 build/obj/shell.o
                0x0000000008004a10                shellGetLine
 .text.shell_thread
                0x0000000008004ab0      0x1a0 build/obj/shell.o
 .text.long_to_string_with_divisor.constprop.0
                0x0000000008004c50       0x50 build/obj/chprintf.o
 .text.chvprintf
                0x0000000008004ca0      0x2b0 build/obj/chprintf.o
                0x0000000008004ca0                chvprintf
 .text.chprintf
                0x0000000008004f50       0x20 build/obj/main.o
 .text.cmd_sdiotest.part.0
                0x0000000008004f70      0x440 build/obj/main.o
 .text.cmd_sdiotest
                0x00000000080053b0       0x40 build/obj/main.o
                0x00000000080053b0                cmd_sdiotest
 .text.memcmp   0x00000000080053f0       0x64 /usr/lib/gcc/arm-none-eabi/4.9.2/../../../../arm-none-eabi/lib/armv7e-m/libg.a(lib_a-memcmp.o)
                0x00000000080053f0                memcmp
 *fill*         0x0000000008005454        0xc 
 .text.strcasecmp
                0x0000000008005460       0x44 /usr/lib/gcc/arm-none-eabi/4.9.2/../../../../arm-none-eabi/lib/armv7e-m/libg.a(lib_a-strcasecmp.o)
                0x0000000008005460                strcasecmp
 *fill*         0x00000000080054a4        0xc 
 .text.strpbrk  0x00000000080054b0       0x48 /usr/lib/gcc/arm-none-eabi/4.9.2/../../../../arm-none-eabi/lib/armv7e-m/libg.a(lib_a-strpbrk.o)
                0x00000000080054b0                strpbrk
 *fill*         0x00000000080054f8        0x8 
 .text.strspn   0x0000000008005500       0x34 /usr/lib/gcc/arm-none-eabi/4.9.2/../../../../arm-none-eabi/lib/armv7e-m/libg.a(lib_a-strspn.o)
                0x0000000008005500                strspn
 *(.rodata)
 *(.rodata.*)
 *fill*         0x0000000008005534        0xc 
 .rodata.str1.4
                0x0000000008005540        0x5 build/obj/chsys.o
                                          0x8 (size before relaxing)
 *fill*         0x0000000008005545        0xb 
 .rodata.str1.4
                0x0000000008005550       0x56 build/obj/chdebug.o
                                         0x58 (size before relaxing)
 *fill*         0x00000000080055a6        0xa 
 .rodata.str1.4
                0x00000000080055b0       0x31 build/obj/chvt.o
                                         0x34 (size before relaxing)
 *fill*         0x00000000080055e1        0xf 
 .rodata.str1.4
                0x00000000080055f0       0x23 build/obj/chschd.o
                                         0x24 (size before relaxing)
 *fill*         0x0000000008005613        0xd 
 .rodata.str1.4
                0x0000000008005620       0x94 build/obj/chthreads.o
 *fill*         0x00000000080056b4        0xc 
 .rodata.ch_debug
                0x00000000080056c0       0x18 build/obj/chregistry.o
                0x00000000080056c0                ch_debug
 *fill*         0x00000000080056d8        0x8 
 .rodata.str1.4
                0x00000000080056e0       0xab build/obj/chmtx.o
                                         0xac (size before relaxing)
 *fill*         0x000000000800578b        0x5 
 .rodata.str1.4
                0x0000000008005790       0x90 build/obj/chevents.o
 .rodata.str1.4
                0x0000000008005820       0x29 build/obj/chqueues.o
                                         0x2c (size before relaxing)
 *fill*         0x0000000008005849        0x7 
 .rodata.str1.4
                0x0000000008005850       0x31 build/obj/chheap.o
                                         0x34 (size before relaxing)
 *fill*         0x0000000008005881        0xf 
 .rodata.str1.4
                0x0000000008005890       0x14 build/obj/mmcsd.o
 *fill*         0x00000000080058a4        0xc 
 .rodata.sdc_vmt
                0x00000000080058b0       0x20 build/obj/sdc.o
 .rodata.str1.4
                0x00000000080058d0      0x137 build/obj/sdc.o
                                        0x138 (size before relaxing)
 *fill*         0x0000000008005a07        0x9 
 .rodata.str1.4
                0x0000000008005a10       0x5f build/obj/serial.o
                                         0x60 (size before relaxing)
 *fill*         0x0000000008005a6f        0x1 
 .rodata.vmt    0x0000000008005a70       0x20 build/obj/serial.o
 .rodata.str1.4
                0x0000000008005a90       0x47 build/obj/stm32_dma.o
                                         0x48 (size before relaxing)
 *fill*         0x0000000008005ad7        0x9 
 .rodata._stm32_dma_streams
                0x0000000008005ae0       0xc0 build/obj/stm32_dma.o
                0x0000000008005ae0                _stm32_dma_streams
 .rodata.str1.4
                0x0000000008005ba0       0x7d build/obj/sdc_lld.o
                                         0x80 (size before relaxing)
 *fill*         0x0000000008005c1d        0x3 
 .rodata.default_config
                0x0000000008005c20        0xc build/obj/serial_lld.o
 *fill*         0x0000000008005c2c        0x4 
 .rodata.pal_default_config
                0x0000000008005c30       0xfc build/obj/board.o
                0x0000000008005c30                pal_default_config
 *fill*         0x0000000008005d2c        0x4 
 .rodata.excvt.5309
                0x0000000008005d30       0x80 build/obj/ff.o
 .rodata.str1.4
                0x0000000008005db0       0x48 build/obj/ff.o
 *fill*         0x0000000008005df8        0x8 
 .rodata.LfnOfs
                0x0000000008005e00       0x10 build/obj/ff.o
 .rodata.Tbl    0x0000000008005e10      0x100 build/obj/ccsbcs.o
 .rodata.tbl_lower.5053
                0x0000000008005f10      0x1e0 build/obj/ccsbcs.o
 .rodata.tbl_upper.5054
                0x00000000080060f0      0x1e0 build/obj/ccsbcs.o
 .rodata.str1.4
                0x00000000080062d0      0x215 build/obj/shell.o
                                        0x21c (size before relaxing)
 *fill*         0x00000000080064e5        0xb 
 .rodata.str1.4
                0x00000000080064f0        0x7 build/obj/chprintf.o
                                          0x8 (size before relaxing)
 *fill*         0x00000000080064f7        0x9 
 .rodata.commands
                0x0000000008006500       0x10 build/obj/main.o
 .rodata.shell_cfg1
                0x0000000008006510        0x8 build/obj/main.o
 *fill*         0x0000000008006518        0x8 
 .rodata.sdccfg
                0x0000000008006520        0x4 build/obj/main.o
 *fill*         0x0000000008006524        0xc 
 .rodata.str1.4
                0x0000000008006530      0x2c4 build/obj/main.o
 *fill*         0x00000000080067f4        0xc 
 .rodata._ctype_
                0x0000000008006800      0x104 /usr/lib/gcc/arm-none-eabi/4.9.2/../../../../arm-none-eabi/lib/armv7e-m/libg.a(lib_a-ctype_.o)
                0x0000000008006800                _ctype_
 *(.glue_7t)
 .glue_7t       0x0000000008006904        0x0 linker stubs
 *(.glue_7)
 .glue_7        0x0000000008006904        0x0 linker stubs
 *(.gcc*)

.vfp11_veneer   0x0000000008006904        0x0
 .vfp11_veneer  0x0000000008006904        0x0 linker stubs

.v4_bx          0x0000000008006904        0x0
 .v4_bx         0x0000000008006904        0x0 linker stubs

.iplt           0x0000000008006904        0x0
 .iplt          0x0000000008006904        0x0 build/obj/crt0.o

.rel.dyn        0x0000000008006904        0x0
 .rel.iplt      0x0000000008006904        0x0 build/obj/crt0.o

.ARM.extab
 *(.ARM.extab* .gnu.linkonce.armextab.*)

.ARM.exidx      0x0000000008006904        0x0
                0x0000000008006904                PROVIDE (__exidx_start, .)
 *(.ARM.exidx* .gnu.linkonce.armexidx.*)
                0x0000000008006904                PROVIDE (__exidx_end, .)

.eh_frame_hdr
 *(.eh_frame_hdr)

.eh_frame
 *(.eh_frame)

.textalign      0x0000000008006904        0x4
                0x0000000008006908                . = ALIGN (0x8)
 *fill*         0x0000000008006904        0x4 
                0x0000000008006908                . = ALIGN (0x4)
                0x0000000008006908                _etext = .
                0x0000000008006908                _textdata = _etext

.stacks         0x0000000020000000      0x800
                0x0000000020000000                . = ALIGN (0x8)
                0x0000000020000000                __main_stack_base__ = .
                0x0000000020000400                . = (. + __main_stack_size__)
 *fill*         0x0000000020000000      0x400 
                0x0000000020000400                . = ALIGN (0x8)
                0x0000000020000400                __main_stack_end__ = .
                0x0000000020000400                __process_stack_base__ = .
                0x0000000020000400                __main_thread_stack_base__ = .
                0x0000000020000800                . = (. + __process_stack_size__)
 *fill*         0x0000000020000400      0x400 
                0x0000000020000800                . = ALIGN (0x8)
                0x0000000020000800                __process_stack_end__ = .
                0x0000000020000800                __main_thread_stack_end__ = .

.data           0x0000000020000800       0x28 load address 0x0000000008006908
                0x0000000020000800                . = ALIGN (0x4)
                0x0000000020000800                PROVIDE (_data, .)
 *(.data)
 *(.data.*)
 .data.local_commands
                0x0000000020000800       0x18 build/obj/shell.o
 .data.ser_cfg  0x0000000020000818        0xc build/obj/main.o
 .data.__ctype_ptr__
                0x0000000020000824        0x4 /usr/lib/gcc/arm-none-eabi/4.9.2/../../../../arm-none-eabi/lib/armv7e-m/libg.a(lib_a-ctype_.o)
                0x0000000020000824                __ctype_ptr__
 *(.ramtext)
                0x0000000020000828                . = ALIGN (0x4)
                0x0000000020000828                PROVIDE (_edata, .)

.igot.plt       0x0000000020000828        0x0 load address 0x0000000008006930
 .igot.plt      0x0000000020000828        0x0 build/obj/crt0.o

.bss            0x0000000020000828     0x340c
                0x0000000020000828                . = ALIGN (0x4)
                0x0000000020000828                PROVIDE (_bss_start, .)
 *(.bss)
 *(.bss.*)
 .bss.mainthread.4860
                0x0000000020000828       0x4c build/obj/chsys.o
 *fill*         0x0000000020000874        0x4 
 .bss._idle_thread_wa
                0x0000000020000878       0xf0 build/obj/chsys.o
                0x0000000020000878                _idle_thread_wa
 .bss.dbg_isr_cnt
                0x0000000020000968        0x4 build/obj/chdebug.o
                0x0000000020000968                dbg_isr_cnt
 .bss.dbg_trace_buffer
                0x000000002000096c      0x408 build/obj/chdebug.o
                0x000000002000096c                dbg_trace_buffer
 .bss.dbg_lock_cnt
                0x0000000020000d74        0x4 build/obj/chdebug.o
                0x0000000020000d74                dbg_lock_cnt
 .bss.dbg_panic_msg
                0x0000000020000d78        0x4 build/obj/chdebug.o
                0x0000000020000d78                dbg_panic_msg
 .bss.vtlist    0x0000000020000d7c       0x10 build/obj/chvt.o
                0x0000000020000d7c                vtlist
 .bss.rlist     0x0000000020000d8c       0x1c build/obj/chschd.o
                0x0000000020000d8c                rlist
 .bss.endmem    0x0000000020000da8        0x4 build/obj/chmemcore.o
 .bss.nextmem   0x0000000020000dac        0x4 build/obj/chmemcore.o
 .bss.default_heap
                0x0000000020000db0       0x20 build/obj/chheap.o
 .bss.dma_isr_redir
                0x0000000020000dd0       0x80 build/obj/stm32_dma.o
 .bss.dma_streams_mask
                0x0000000020000e50        0x4 build/obj/stm32_dma.o
 .bss.SDCD1     0x0000000020000e54       0x4c build/obj/sdc_lld.o
                0x0000000020000e54                SDCD1
 .bss.u         0x0000000020000ea0      0x200 build/obj/sdc_lld.o
 .bss.SD2       0x00000000200010a0       0x78 build/obj/serial_lld.o
                0x00000000200010a0                SD2
 .bss.Fsid      0x0000000020001118        0x2 build/obj/ff.o
 *fill*         0x000000002000111a        0x2 
 .bss.FatFs     0x000000002000111c        0x4 build/obj/ff.o
 .bss.shell_terminated
                0x0000000020001120        0x4 build/obj/shell.o
                0x0000000020001120                shell_terminated
 *fill*         0x0000000020001124        0x4 
 .bss.waShell.7320
                0x0000000020001128      0x8d0 build/obj/main.o
 .bss.SDC_FS    0x00000000200019f8      0x230 build/obj/main.o
 .bss.inbuf     0x0000000020001c28     0x1004 build/obj/main.o
 .bss.fs_ready  0x0000000020002c2c        0x1 build/obj/main.o
 *fill*         0x0000000020002c2d        0x3 
 .bss.outbuf    0x0000000020002c30     0x1004 build/obj/main.o
 *(COMMON)
                0x0000000020003c34                . = ALIGN (0x4)
                0x0000000020003c34                PROVIDE (_bss_end, .)
                0x0000000020003c34                PROVIDE (end, .)
                0x0000000020003c34                _end = .
                0x0000000020003c34                __heap_base__ = _end
                0x000000002001c000                __heap_end__ = __ram_end__
START GROUP
LOAD /usr/lib/gcc/arm-none-eabi/4.9.2/armv7e-m/libgcc.a
LOAD /usr/lib/gcc/arm-none-eabi/4.9.2/../../../../arm-none-eabi/lib/armv7e-m/libg.a
LOAD /usr/lib/gcc/arm-none-eabi/4.9.2/../../../../arm-none-eabi/lib/armv7e-m/libc.a
END GROUP
OUTPUT(build/ch.elf elf32-littlearm)

.debug_info     0x0000000000000000    0x17c36
 .debug_info    0x0000000000000000      0x2b3 build/obj/crt0.o
 .debug_info    0x00000000000002b3      0x1cd build/obj/vectors.o
 .debug_info    0x0000000000000480       0x92 build/obj/chcore.o
 .debug_info    0x0000000000000512      0x8ba build/obj/chcore_v7m.o
 .debug_info    0x0000000000000dcc      0x406 build/obj/nvic.o
 .debug_info    0x00000000000011d2      0x8ac build/obj/chsys.o
 .debug_info    0x0000000000001a7e      0x94a build/obj/chdebug.o
 .debug_info    0x00000000000023c8      0x277 build/obj/chvt.o
 .debug_info    0x000000000000263f      0xaf3 build/obj/chschd.o
 .debug_info    0x0000000000003132      0xdfb build/obj/chthreads.o
 .debug_info    0x0000000000003f2d      0x6bb build/obj/chregistry.o
 .debug_info    0x00000000000045e8      0xb60 build/obj/chmtx.o
 .debug_info    0x0000000000005148      0xff7 build/obj/chevents.o
 .debug_info    0x000000000000613f      0xcdc build/obj/chqueues.o
 .debug_info    0x0000000000006e1b      0x226 build/obj/chmemcore.o
 .debug_info    0x0000000000007041      0x75e build/obj/chheap.o
 .debug_info    0x000000000000779f      0x3a3 build/obj/hal.o
 .debug_info    0x0000000000007b42      0x23e build/obj/mmcsd.o
 .debug_info    0x0000000000007d80     0x1570 build/obj/sdc.o
 .debug_info    0x00000000000092f0     0x10da build/obj/serial.o
 .debug_info    0x000000000000a3ca      0xbfc build/obj/stm32_dma.o
 .debug_info    0x000000000000afc6      0x491 build/obj/hal_lld.o
 .debug_info    0x000000000000b457     0x18cf build/obj/sdc_lld.o
 .debug_info    0x000000000000cd26      0x6fc build/obj/pal_lld.o
 .debug_info    0x000000000000d422      0xfe1 build/obj/serial_lld.o
 .debug_info    0x000000000000e403      0xb04 build/obj/board.o
 .debug_info    0x000000000000ef07      0xb4f build/obj/fatfs_diskio.o
 .debug_info    0x000000000000fa56      0x558 build/obj/fatfs_syscall.o
 .debug_info    0x000000000000ffae     0x3d57 build/obj/ff.o
 .debug_info    0x0000000000013d05      0x178 build/obj/ccsbcs.o
 .debug_info    0x0000000000013e7d     0x1454 build/obj/shell.o
 .debug_info    0x00000000000152d1      0x620 build/obj/chprintf.o
 .debug_info    0x00000000000158f1     0x2345 build/obj/main.o

.debug_abbrev   0x0000000000000000     0x4887
 .debug_abbrev  0x0000000000000000       0xfd build/obj/crt0.o
 .debug_abbrev  0x00000000000000fd       0xaf build/obj/vectors.o
 .debug_abbrev  0x00000000000001ac       0x42 build/obj/chcore.o
 .debug_abbrev  0x00000000000001ee      0x216 build/obj/chcore_v7m.o
 .debug_abbrev  0x0000000000000404      0x10e build/obj/nvic.o
 .debug_abbrev  0x0000000000000512      0x1f2 build/obj/chsys.o
 .debug_abbrev  0x0000000000000704      0x21b build/obj/chdebug.o
 .debug_abbrev  0x000000000000091f      0x151 build/obj/chvt.o
 .debug_abbrev  0x0000000000000a70      0x31b build/obj/chschd.o
 .debug_abbrev  0x0000000000000d8b      0x375 build/obj/chthreads.o
 .debug_abbrev  0x0000000000001100      0x1ba build/obj/chregistry.o
 .debug_abbrev  0x00000000000012ba      0x2f8 build/obj/chmtx.o
 .debug_abbrev  0x00000000000015b2      0x2cc build/obj/chevents.o
 .debug_abbrev  0x000000000000187e      0x35d build/obj/chqueues.o
 .debug_abbrev  0x0000000000001bdb      0x13b build/obj/chmemcore.o
 .debug_abbrev  0x0000000000001d16      0x1f2 build/obj/chheap.o
 .debug_abbrev  0x0000000000001f08      0x1ca build/obj/hal.o
 .debug_abbrev  0x00000000000020d2      0x114 build/obj/mmcsd.o
 .debug_abbrev  0x00000000000021e6      0x369 build/obj/sdc.o
 .debug_abbrev  0x000000000000254f      0x2c0 build/obj/serial.o
 .debug_abbrev  0x000000000000280f      0x250 build/obj/stm32_dma.o
 .debug_abbrev  0x0000000000002a5f      0x12b build/obj/hal_lld.o
 .debug_abbrev  0x0000000000002b8a      0x42e build/obj/sdc_lld.o
 .debug_abbrev  0x0000000000002fb8      0x1aa build/obj/pal_lld.o
 .debug_abbrev  0x0000000000003162      0x32a build/obj/serial_lld.o
 .debug_abbrev  0x000000000000348c      0x1d5 build/obj/board.o
 .debug_abbrev  0x0000000000003661      0x211 build/obj/fatfs_diskio.o
 .debug_abbrev  0x0000000000003872      0x17a build/obj/fatfs_syscall.o
 .debug_abbrev  0x00000000000039ec      0x370 build/obj/ff.o
 .debug_abbrev  0x0000000000003d5c       0xb7 build/obj/ccsbcs.o
 .debug_abbrev  0x0000000000003e13      0x3fd build/obj/shell.o
 .debug_abbrev  0x0000000000004210      0x252 build/obj/chprintf.o
 .debug_abbrev  0x0000000000004462      0x425 build/obj/main.o

.debug_loc      0x0000000000000000     0xbda7
 .debug_loc     0x0000000000000000       0xba build/obj/crt0.o
 .debug_loc     0x00000000000000ba       0x5a build/obj/chcore_v7m.o
 .debug_loc     0x0000000000000114      0x158 build/obj/nvic.o
 .debug_loc     0x000000000000026c       0x26 build/obj/chsys.o
 .debug_loc     0x0000000000000292       0xc9 build/obj/chdebug.o
 .debug_loc     0x000000000000035b       0xb4 build/obj/chvt.o
 .debug_loc     0x000000000000040f      0x2a4 build/obj/chschd.o
 .debug_loc     0x00000000000006b3      0x44c build/obj/chthreads.o
 .debug_loc     0x0000000000000aff       0x5b build/obj/chregistry.o
 .debug_loc     0x0000000000000b5a      0x371 build/obj/chmtx.o
 .debug_loc     0x0000000000000ecb      0x6d8 build/obj/chevents.o
 .debug_loc     0x00000000000015a3      0x6de build/obj/chqueues.o
 .debug_loc     0x0000000000001c81       0xb8 build/obj/chmemcore.o
 .debug_loc     0x0000000000001d39      0x3e2 build/obj/chheap.o
 .debug_loc     0x000000000000211b       0x87 build/obj/hal.o
 .debug_loc     0x00000000000021a2      0x270 build/obj/mmcsd.o
 .debug_loc     0x0000000000002412      0x68e build/obj/sdc.o
 .debug_loc     0x0000000000002aa0      0x4ff build/obj/serial.o
 .debug_loc     0x0000000000002f9f      0x277 build/obj/stm32_dma.o
 .debug_loc     0x0000000000003216      0xdad build/obj/sdc_lld.o
 .debug_loc     0x0000000000003fc3      0x129 build/obj/pal_lld.o
 .debug_loc     0x00000000000040ec      0x247 build/obj/serial_lld.o
 .debug_loc     0x0000000000004333       0x42 build/obj/board.o
 .debug_loc     0x0000000000004375      0x36f build/obj/fatfs_diskio.o
 .debug_loc     0x00000000000046e4       0x4d build/obj/fatfs_syscall.o
 .debug_loc     0x0000000000004731     0x61ec build/obj/ff.o
 .debug_loc     0x000000000000a91d       0x4c build/obj/ccsbcs.o
 .debug_loc     0x000000000000a969      0x758 build/obj/shell.o
 .debug_loc     0x000000000000b0c1      0x791 build/obj/chprintf.o
 .debug_loc     0x000000000000b852      0x555 build/obj/main.o

.debug_aranges  0x0000000000000000      0xb30
 .debug_aranges
                0x0000000000000000       0x38 build/obj/crt0.o
 .debug_aranges
                0x0000000000000038       0x20 build/obj/vectors.o
 .debug_aranges
                0x0000000000000058       0x20 build/obj/chcore.o
 .debug_aranges
                0x0000000000000078       0x50 build/obj/chcore_v7m.o
 .debug_aranges
                0x00000000000000c8       0x30 build/obj/nvic.o
 .debug_aranges
                0x00000000000000f8       0x30 build/obj/chsys.o
 .debug_aranges
                0x0000000000000128       0x88 build/obj/chdebug.o
 .debug_aranges
                0x00000000000001b0       0x30 build/obj/chvt.o
 .debug_aranges
                0x00000000000001e0       0x68 build/obj/chschd.o
 .debug_aranges
                0x0000000000000248       0x80 build/obj/chthreads.o
 .debug_aranges
                0x00000000000002c8       0x28 build/obj/chregistry.o
 .debug_aranges
                0x00000000000002f0       0x58 build/obj/chmtx.o
 .debug_aranges
                0x0000000000000348       0xa0 build/obj/chevents.o
 .debug_aranges
                0x00000000000003e8       0x70 build/obj/chqueues.o
 .debug_aranges
                0x0000000000000458       0x38 build/obj/chmemcore.o
 .debug_aranges
                0x0000000000000490       0x40 build/obj/chheap.o
 .debug_aranges
                0x00000000000004d0       0x30 build/obj/hal.o
 .debug_aranges
                0x0000000000000500       0x28 build/obj/mmcsd.o
 .debug_aranges
                0x0000000000000528       0x80 build/obj/sdc.o
 .debug_aranges
                0x00000000000005a8       0x88 build/obj/serial.o
 .debug_aranges
                0x0000000000000630       0xb0 build/obj/stm32_dma.o
 .debug_aranges
                0x00000000000006e0       0x28 build/obj/hal_lld.o
 .debug_aranges
                0x0000000000000708       0xb8 build/obj/sdc_lld.o
 .debug_aranges
                0x00000000000007c0       0x28 build/obj/pal_lld.o
 .debug_aranges
                0x00000000000007e8       0x40 build/obj/serial_lld.o
 .debug_aranges
                0x0000000000000828       0x38 build/obj/board.o
 .debug_aranges
                0x0000000000000860       0x48 build/obj/fatfs_diskio.o
 .debug_aranges
                0x00000000000008a8       0x28 build/obj/fatfs_syscall.o
 .debug_aranges
                0x00000000000008d0      0x150 build/obj/ff.o
 .debug_aranges
                0x0000000000000a20       0x28 build/obj/ccsbcs.o
 .debug_aranges
                0x0000000000000a48       0x68 build/obj/shell.o
 .debug_aranges
                0x0000000000000ab0       0x30 build/obj/chprintf.o
 .debug_aranges
                0x0000000000000ae0       0x50 build/obj/main.o

.debug_ranges   0x0000000000000000     0x1568
 .debug_ranges  0x0000000000000000       0x58 build/obj/crt0.o
 .debug_ranges  0x0000000000000058       0x10 build/obj/vectors.o
 .debug_ranges  0x0000000000000068       0x10 build/obj/chcore.o
 .debug_ranges  0x0000000000000078       0x58 build/obj/chcore_v7m.o
 .debug_ranges  0x00000000000000d0       0x20 build/obj/nvic.o
 .debug_ranges  0x00000000000000f0       0x20 build/obj/chsys.o
 .debug_ranges  0x0000000000000110       0x78 build/obj/chdebug.o
 .debug_ranges  0x0000000000000188       0x20 build/obj/chvt.o
 .debug_ranges  0x00000000000001a8      0x170 build/obj/chschd.o
 .debug_ranges  0x0000000000000318      0x120 build/obj/chthreads.o
 .debug_ranges  0x0000000000000438       0x18 build/obj/chregistry.o
 .debug_ranges  0x0000000000000450      0x1a8 build/obj/chmtx.o
 .debug_ranges  0x00000000000005f8       0xf0 build/obj/chevents.o
 .debug_ranges  0x00000000000006e8       0xe8 build/obj/chqueues.o
 .debug_ranges  0x00000000000007d0       0x40 build/obj/chmemcore.o
 .debug_ranges  0x0000000000000810       0x30 build/obj/chheap.o
 .debug_ranges  0x0000000000000840       0x20 build/obj/hal.o
 .debug_ranges  0x0000000000000860       0x30 build/obj/mmcsd.o
 .debug_ranges  0x0000000000000890       0x70 build/obj/sdc.o
 .debug_ranges  0x0000000000000900       0x78 build/obj/serial.o
 .debug_ranges  0x0000000000000978       0xa0 build/obj/stm32_dma.o
 .debug_ranges  0x0000000000000a18       0x30 build/obj/hal_lld.o
 .debug_ranges  0x0000000000000a48      0x180 build/obj/sdc_lld.o
 .debug_ranges  0x0000000000000bc8      0x120 build/obj/pal_lld.o
 .debug_ranges  0x0000000000000ce8       0xa0 build/obj/serial_lld.o
 .debug_ranges  0x0000000000000d88       0x28 build/obj/board.o
 .debug_ranges  0x0000000000000db0       0x38 build/obj/fatfs_diskio.o
 .debug_ranges  0x0000000000000de8       0x18 build/obj/fatfs_syscall.o
 .debug_ranges  0x0000000000000e00      0x570 build/obj/ff.o
 .debug_ranges  0x0000000000001370       0x18 build/obj/ccsbcs.o
 .debug_ranges  0x0000000000001388      0x100 build/obj/shell.o
 .debug_ranges  0x0000000000001488       0x20 build/obj/chprintf.o
 .debug_ranges  0x00000000000014a8       0xc0 build/obj/main.o

.debug_line     0x0000000000000000     0x62b7
 .debug_line    0x0000000000000000      0x11f build/obj/crt0.o
 .debug_line    0x000000000000011f       0xc4 build/obj/vectors.o
 .debug_line    0x00000000000001e3       0x5b build/obj/chcore.o
 .debug_line    0x000000000000023e      0x1fb build/obj/chcore_v7m.o
 .debug_line    0x0000000000000439       0xf9 build/obj/nvic.o
 .debug_line    0x0000000000000532      0x1f2 build/obj/chsys.o
 .debug_line    0x0000000000000724      0x2e3 build/obj/chdebug.o
 .debug_line    0x0000000000000a07      0x169 build/obj/chvt.o
 .debug_line    0x0000000000000b70      0x34e build/obj/chschd.o
 .debug_line    0x0000000000000ebe      0x3b9 build/obj/chthreads.o
 .debug_line    0x0000000000001277      0x1c1 build/obj/chregistry.o
 .debug_line    0x0000000000001438      0x35d build/obj/chmtx.o
 .debug_line    0x0000000000001795      0x353 build/obj/chevents.o
 .debug_line    0x0000000000001ae8      0x35d build/obj/chqueues.o
 .debug_line    0x0000000000001e45      0x156 build/obj/chmemcore.o
 .debug_line    0x0000000000001f9b      0x288 build/obj/chheap.o
 .debug_line    0x0000000000002223      0x254 build/obj/hal.o
 .debug_line    0x0000000000002477      0x154 build/obj/mmcsd.o
 .debug_line    0x00000000000025cb      0x47a build/obj/sdc.o
 .debug_line    0x0000000000002a45      0x38a build/obj/serial.o
 .debug_line    0x0000000000002dcf      0x3fd build/obj/stm32_dma.o
 .debug_line    0x00000000000031cc      0x1c8 build/obj/hal_lld.o
 .debug_line    0x0000000000003394      0x52e build/obj/sdc_lld.o
 .debug_line    0x00000000000038c2      0x1d3 build/obj/pal_lld.o
 .debug_line    0x0000000000003a95      0x341 build/obj/serial_lld.o
 .debug_line    0x0000000000003dd6      0x283 build/obj/board.o
 .debug_line    0x0000000000004059      0x2f8 build/obj/fatfs_diskio.o
 .debug_line    0x0000000000004351      0x1c4 build/obj/fatfs_syscall.o
 .debug_line    0x0000000000004515     0x11a6 build/obj/ff.o
 .debug_line    0x00000000000056bb       0xbe build/obj/ccsbcs.o
 .debug_line    0x0000000000005779      0x3c5 build/obj/shell.o
 .debug_line    0x0000000000005b3e      0x27b build/obj/chprintf.o
 .debug_line    0x0000000000005db9      0x4fe build/obj/main.o

.debug_str      0x0000000000000000     0x2dc3
 .debug_str     0x0000000000000000      0x2a5 build/obj/crt0.o
                                        0x2f5 (size before relaxing)
 .debug_str     0x00000000000002a5      0x148 build/obj/vectors.o
                                        0x316 (size before relaxing)
 .debug_str     0x00000000000003ed       0x30 build/obj/chcore.o
                                        0x1de (size before relaxing)
 .debug_str     0x000000000000041d      0x383 build/obj/chcore_v7m.o
                                        0x576 (size before relaxing)
 .debug_str     0x00000000000007a0       0xa1 build/obj/nvic.o
                                        0x2e8 (size before relaxing)
 .debug_str     0x0000000000000841      0x23f build/obj/chsys.o
                                        0x646 (size before relaxing)
 .debug_str     0x0000000000000a80       0xfe build/obj/chdebug.o
                                        0x5b2 (size before relaxing)
 .debug_str     0x0000000000000b7e       0x39 build/obj/chvt.o
                                        0x285 (size before relaxing)
 .debug_str     0x0000000000000bb7       0xd8 build/obj/chschd.o
                                        0x572 (size before relaxing)
 .debug_str     0x0000000000000c8f       0xf2 build/obj/chthreads.o
                                        0x5cc (size before relaxing)
 .debug_str     0x0000000000000d81       0x45 build/obj/chregistry.o
                                        0x52d (size before relaxing)
 .debug_str     0x0000000000000dc6       0x94 build/obj/chmtx.o
                                        0x4ca (size before relaxing)
 .debug_str     0x0000000000000e5a      0x1bc build/obj/chevents.o
                                        0x5ee (size before relaxing)
 .debug_str     0x0000000000001016      0x129 build/obj/chqueues.o
                                        0x555 (size before relaxing)
 .debug_str     0x000000000000113f       0x73 build/obj/chmemcore.o
                                        0x28f (size before relaxing)
 .debug_str     0x00000000000011b2       0xb0 build/obj/chheap.o
                                        0x469 (size before relaxing)
 .debug_str     0x0000000000001262      0x16c build/obj/hal.o
                                        0x35a (size before relaxing)
 .debug_str     0x00000000000013ce       0x5e build/obj/mmcsd.o
                                        0x255 (size before relaxing)
 .debug_str     0x000000000000142c      0x408 build/obj/sdc.o
                                        0x819 (size before relaxing)
 .debug_str     0x0000000000001834      0x158 build/obj/serial.o
                                        0x6cd (size before relaxing)
 .debug_str     0x000000000000198c      0x74a build/obj/stm32_dma.o
                                        0xa67 (size before relaxing)
 .debug_str     0x00000000000020d6       0xc1 build/obj/hal_lld.o
                                        0x412 (size before relaxing)
 .debug_str     0x0000000000002197       0xeb build/obj/sdc_lld.o
                                        0xa7e (size before relaxing)
 .debug_str     0x0000000000002282       0xcc build/obj/pal_lld.o
                                        0x470 (size before relaxing)
 .debug_str     0x000000000000234e       0x78 build/obj/serial_lld.o
                                        0x791 (size before relaxing)
 .debug_str     0x00000000000023c6       0x6a build/obj/board.o
                                        0x722 (size before relaxing)
 .debug_str     0x0000000000002430       0xd1 build/obj/fatfs_diskio.o
                                        0x6c3 (size before relaxing)
 .debug_str     0x0000000000002501       0x56 build/obj/fatfs_syscall.o
                                        0x438 (size before relaxing)
 .debug_str     0x0000000000002557      0x4d0 build/obj/ff.o
                                        0x78a (size before relaxing)
 .debug_str     0x0000000000002a27       0x3b build/obj/ccsbcs.o
                                        0x20b (size before relaxing)
 .debug_str     0x0000000000002a62      0x1c9 build/obj/shell.o
                                        0x6f6 (size before relaxing)
 .debug_str     0x0000000000002c2b       0xc0 build/obj/chprintf.o
                                        0x322 (size before relaxing)
 .debug_str     0x0000000000002ceb       0xd8 build/obj/main.o
                                        0xc39 (size before relaxing)

.comment        0x0000000000000000       0x33
 .comment       0x0000000000000000       0x33 build/obj/crt0.o
                                         0x34 (size before relaxing)
 .comment       0x0000000000000033       0x34 build/obj/vectors.o
 .comment       0x0000000000000033       0x34 build/obj/chcore.o
 .comment       0x0000000000000033       0x34 build/obj/chcore_v7m.o
 .comment       0x0000000000000033       0x34 build/obj/nvic.o
 .comment       0x0000000000000033       0x34 build/obj/chsys.o
 .comment       0x0000000000000033       0x34 build/obj/chdebug.o
 .comment       0x0000000000000033       0x34 build/obj/chvt.o
 .comment       0x0000000000000033       0x34 build/obj/chschd.o
 .comment       0x0000000000000033       0x34 build/obj/chthreads.o
 .comment       0x0000000000000033       0x34 build/obj/chregistry.o
 .comment       0x0000000000000033       0x34 build/obj/chmtx.o
 .comment       0x0000000000000033       0x34 build/obj/chevents.o
 .comment       0x0000000000000033       0x34 build/obj/chqueues.o
 .comment       0x0000000000000033       0x34 build/obj/chmemcore.o
 .comment       0x0000000000000033       0x34 build/obj/chheap.o
 .comment       0x0000000000000033       0x34 build/obj/hal.o
 .comment       0x0000000000000033       0x34 build/obj/mmcsd.o
 .comment       0x0000000000000033       0x34 build/obj/sdc.o
 .comment       0x0000000000000033       0x34 build/obj/serial.o
 .comment       0x0000000000000033       0x34 build/obj/stm32_dma.o
 .comment       0x0000000000000033       0x34 build/obj/hal_lld.o
 .comment       0x0000000000000033       0x34 build/obj/sdc_lld.o
 .comment       0x0000000000000033       0x34 build/obj/pal_lld.o
 .comment       0x0000000000000033       0x34 build/obj/serial_lld.o
 .comment       0x0000000000000033       0x34 build/obj/board.o
 .comment       0x0000000000000033       0x34 build/obj/fatfs_diskio.o
 .comment       0x0000000000000033       0x34 build/obj/fatfs_syscall.o
 .comment       0x0000000000000033       0x34 build/obj/ff.o
 .comment       0x0000000000000033       0x34 build/obj/ccsbcs.o
 .comment       0x0000000000000033       0x34 build/obj/shell.o
 .comment       0x0000000000000033       0x34 build/obj/chprintf.o
 .comment       0x0000000000000033       0x34 build/obj/main.o

.ARM.attributes
                0x0000000000000000       0x31
 .ARM.attributes
                0x0000000000000000       0x33 build/obj/crt0.o
 .ARM.attributes
                0x0000000000000033       0x33 build/obj/vectors.o
 .ARM.attributes
                0x0000000000000066       0x33 build/obj/chcore.o
 .ARM.attributes
                0x0000000000000099       0x33 build/obj/chcore_v7m.o
 .ARM.attributes
                0x00000000000000cc       0x33 build/obj/nvic.o
 .ARM.attributes
                0x00000000000000ff       0x33 build/obj/chsys.o
 .ARM.attributes
                0x0000000000000132       0x33 build/obj/chdebug.o
 .ARM.attributes
                0x0000000000000165       0x33 build/obj/chvt.o
 .ARM.attributes
                0x0000000000000198       0x33 build/obj/chschd.o
 .ARM.attributes
                0x00000000000001cb       0x33 build/obj/chthreads.o
 .ARM.attributes
                0x00000000000001fe       0x33 build/obj/chregistry.o
 .ARM.attributes
                0x0000000000000231       0x33 build/obj/chmtx.o
 .ARM.attributes
                0x0000000000000264       0x33 build/obj/chevents.o
 .ARM.attributes
                0x0000000000000297       0x33 build/obj/chqueues.o
 .ARM.attributes
                0x00000000000002ca       0x33 build/obj/chmemcore.o
 .ARM.attributes
                0x00000000000002fd       0x33 build/obj/chheap.o
 .ARM.attributes
                0x0000000000000330       0x33 build/obj/hal.o
 .ARM.attributes
                0x0000000000000363       0x33 build/obj/mmcsd.o
 .ARM.attributes
                0x0000000000000396       0x33 build/obj/sdc.o
 .ARM.attributes
                0x00000000000003c9       0x33 build/obj/serial.o
 .ARM.attributes
                0x00000000000003fc       0x33 build/obj/stm32_dma.o
 .ARM.attributes
                0x000000000000042f       0x33 build/obj/hal_lld.o
 .ARM.attributes
                0x0000000000000462       0x33 build/obj/sdc_lld.o
 .ARM.attributes
                0x0000000000000495       0x33 build/obj/pal_lld.o
 .ARM.attributes
                0x00000000000004c8       0x33 build/obj/serial_lld.o
 .ARM.attributes
                0x00000000000004fb       0x33 build/obj/board.o
 .ARM.attributes
                0x000000000000052e       0x33 build/obj/fatfs_diskio.o
 .ARM.attributes
                0x0000000000000561       0x33 build/obj/fatfs_syscall.o
 .ARM.attributes
                0x0000000000000594       0x33 build/obj/ff.o
 .ARM.attributes
                0x00000000000005c7       0x33 build/obj/ccsbcs.o
 .ARM.attributes
                0x00000000000005fa       0x33 build/obj/shell.o
 .ARM.attributes
                0x000000000000062d       0x33 build/obj/chprintf.o
 .ARM.attributes
                0x0000000000000660       0x33 build/obj/main.o
 .ARM.attributes
                0x0000000000000693       0x2e /usr/lib/gcc/arm-none-eabi/4.9.2/../../../../arm-none-eabi/lib/armv7e-m/libg.a(lib_a-memcmp.o)
 .ARM.attributes
                0x00000000000006c1       0x1c /usr/lib/gcc/arm-none-eabi/4.9.2/../../../../arm-none-eabi/lib/armv7e-m/libg.a(lib_a-memcpy.o)
 .ARM.attributes
                0x00000000000006dd       0x2e /usr/lib/gcc/arm-none-eabi/4.9.2/../../../../arm-none-eabi/lib/armv7e-m/libg.a(lib_a-strcasecmp.o)
 .ARM.attributes
                0x000000000000070b       0x2e /usr/lib/gcc/arm-none-eabi/4.9.2/../../../../arm-none-eabi/lib/armv7e-m/libg.a(lib_a-strpbrk.o)
 .ARM.attributes
                0x0000000000000739       0x2e /usr/lib/gcc/arm-none-eabi/4.9.2/../../../../arm-none-eabi/lib/armv7e-m/libg.a(lib_a-strspn.o)
 .ARM.attributes
                0x0000000000000767       0x2e /usr/lib/gcc/arm-none-eabi/4.9.2/../../../../arm-none-eabi/lib/armv7e-m/libg.a(lib_a-ctype_.o)

.debug_frame    0x0000000000000000     0x248c
 .debug_frame   0x0000000000000000       0x50 build/obj/crt0.o
 .debug_frame   0x0000000000000050       0x20 build/obj/vectors.o
 .debug_frame   0x0000000000000070       0x20 build/obj/chcore.o
 .debug_frame   0x0000000000000090       0xac build/obj/chcore_v7m.o
 .debug_frame   0x000000000000013c       0x74 build/obj/nvic.o
 .debug_frame   0x00000000000001b0       0x6c build/obj/chsys.o
 .debug_frame   0x000000000000021c      0x144 build/obj/chdebug.o
 .debug_frame   0x0000000000000360       0x64 build/obj/chvt.o
 .debug_frame   0x00000000000003c4      0x180 build/obj/chschd.o
 .debug_frame   0x0000000000000544      0x1c8 build/obj/chthreads.o
 .debug_frame   0x000000000000070c       0x4c build/obj/chregistry.o
 .debug_frame   0x0000000000000758      0x110 build/obj/chmtx.o
 .debug_frame   0x0000000000000868      0x238 build/obj/chevents.o
 .debug_frame   0x0000000000000aa0      0x19c build/obj/chqueues.o
 .debug_frame   0x0000000000000c3c       0x68 build/obj/chmemcore.o
 .debug_frame   0x0000000000000ca4       0xe0 build/obj/chheap.o
 .debug_frame   0x0000000000000d84       0x50 build/obj/hal.o
 .debug_frame   0x0000000000000dd4       0x50 build/obj/mmcsd.o
 .debug_frame   0x0000000000000e24      0x1b8 build/obj/sdc.o
 .debug_frame   0x0000000000000fdc      0x154 build/obj/serial.o
 .debug_frame   0x0000000000001130      0x28c build/obj/stm32_dma.o
 .debug_frame   0x00000000000013bc       0x50 build/obj/hal_lld.o
 .debug_frame   0x000000000000140c      0x2b8 build/obj/sdc_lld.o
 .debug_frame   0x00000000000016c4       0x70 build/obj/pal_lld.o
 .debug_frame   0x0000000000001734       0xb8 build/obj/serial_lld.o
 .debug_frame   0x00000000000017ec       0x50 build/obj/board.o
 .debug_frame   0x000000000000183c       0xbc build/obj/fatfs_diskio.o
 .debug_frame   0x00000000000018f8       0x30 build/obj/fatfs_syscall.o
 .debug_frame   0x0000000000001928      0x724 build/obj/ff.o
 .debug_frame   0x000000000000204c       0x44 build/obj/ccsbcs.o
 .debug_frame   0x0000000000002090      0x168 build/obj/shell.o
 .debug_frame   0x00000000000021f8       0xb4 build/obj/chprintf.o
 .debug_frame   0x00000000000022ac      0x114 build/obj/main.o
 .debug_frame   0x00000000000023c0       0x38 /usr/lib/gcc/arm-none-eabi/4.9.2/../../../../arm-none-eabi/lib/armv7e-m/libg.a(lib_a-memcmp.o)
 .debug_frame   0x00000000000023f8       0x2c /usr/lib/gcc/arm-none-eabi/4.9.2/../../../../arm-none-eabi/lib/armv7e-m/libg.a(lib_a-strcasecmp.o)
 .debug_frame   0x0000000000002424       0x34 /usr/lib/gcc/arm-none-eabi/4.9.2/../../../../arm-none-eabi/lib/armv7e-m/libg.a(lib_a-strpbrk.o)
 .debug_frame   0x0000000000002458       0x34 /usr/lib/gcc/arm-none-eabi/4.9.2/../../../../arm-none-eabi/lib/armv7e-m/libg.a(lib_a-strspn.o)

Cross Reference Table

Symbol                                            File
BusFaultVector                                    build/obj/vectors.o
DebugMonitorVector                                build/obj/vectors.o
HardFaultVector                                   build/obj/vectors.o
MemManageVector                                   build/obj/vectors.o
NMIVector                                         build/obj/vectors.o
PendSVVector                                      build/obj/vectors.o
ResetHandler                                      build/obj/crt0.o
                                                  build/obj/vectors.o
SD2                                               build/obj/serial_lld.o
                                                  build/obj/main.o
SDCD1                                             build/obj/sdc_lld.o
                                                  build/obj/main.o
                                                  build/obj/fatfs_diskio.o
SVCallVector                                      build/obj/chcore_v7m.o
                                                  build/obj/vectors.o
SysTickVector                                     build/obj/chcore_v7m.o
                                                  build/obj/vectors.o
UsageFaultVector                                  build/obj/vectors.o
Vector100                                         build/obj/vectors.o
Vector104                                         build/obj/sdc_lld.o
                                                  build/obj/vectors.o
Vector108                                         build/obj/vectors.o
Vector10C                                         build/obj/vectors.o
Vector110                                         build/obj/vectors.o
Vector114                                         build/obj/vectors.o
Vector118                                         build/obj/vectors.o
Vector11C                                         build/obj/vectors.o
Vector120                                         build/obj/stm32_dma.o
                                                  build/obj/vectors.o
Vector124                                         build/obj/stm32_dma.o
                                                  build/obj/vectors.o
Vector128                                         build/obj/stm32_dma.o
                                                  build/obj/vectors.o
Vector12C                                         build/obj/stm32_dma.o
                                                  build/obj/vectors.o
Vector130                                         build/obj/stm32_dma.o
                                                  build/obj/vectors.o
Vector134                                         build/obj/vectors.o
Vector138                                         build/obj/vectors.o
Vector13C                                         build/obj/vectors.o
Vector140                                         build/obj/vectors.o
Vector144                                         build/obj/vectors.o
Vector148                                         build/obj/vectors.o
Vector14C                                         build/obj/vectors.o
Vector150                                         build/obj/stm32_dma.o
                                                  build/obj/vectors.o
Vector154                                         build/obj/stm32_dma.o
                                                  build/obj/vectors.o
Vector158                                         build/obj/stm32_dma.o
                                                  build/obj/vectors.o
Vector15C                                         build/obj/vectors.o
Vector160                                         build/obj/vectors.o
Vector164                                         build/obj/vectors.o
Vector168                                         build/obj/vectors.o
Vector16C                                         build/obj/vectors.o
Vector170                                         build/obj/vectors.o
Vector174                                         build/obj/vectors.o
Vector178                                         build/obj/vectors.o
Vector17C                                         build/obj/vectors.o
Vector180                                         build/obj/vectors.o
Vector184                                         build/obj/vectors.o
Vector188                                         build/obj/vectors.o
Vector18C                                         build/obj/vectors.o
Vector190                                         build/obj/vectors.o
Vector194                                         build/obj/vectors.o
Vector198                                         build/obj/vectors.o
Vector19C                                         build/obj/vectors.o
Vector1A0                                         build/obj/vectors.o
Vector1A4                                         build/obj/vectors.o
Vector1A8                                         build/obj/vectors.o
Vector1C                                          build/obj/vectors.o
Vector20                                          build/obj/vectors.o
Vector24                                          build/obj/vectors.o
Vector28                                          build/obj/vectors.o
Vector34                                          build/obj/vectors.o
Vector40                                          build/obj/vectors.o
Vector44                                          build/obj/vectors.o
Vector48                                          build/obj/vectors.o
Vector4C                                          build/obj/vectors.o
Vector50                                          build/obj/vectors.o
Vector54                                          build/obj/vectors.o
Vector58                                          build/obj/vectors.o
Vector5C                                          build/obj/vectors.o
Vector60                                          build/obj/vectors.o
Vector64                                          build/obj/vectors.o
Vector68                                          build/obj/vectors.o
Vector6C                                          build/obj/stm32_dma.o
                                                  build/obj/vectors.o
Vector70                                          build/obj/stm32_dma.o
                                                  build/obj/vectors.o
Vector74                                          build/obj/stm32_dma.o
                                                  build/obj/vectors.o
Vector78                                          build/obj/stm32_dma.o
                                                  build/obj/vectors.o
Vector7C                                          build/obj/stm32_dma.o
                                                  build/obj/vectors.o
Vector80                                          build/obj/stm32_dma.o
                                                  build/obj/vectors.o
Vector84                                          build/obj/stm32_dma.o
                                                  build/obj/vectors.o
Vector88                                          build/obj/vectors.o
Vector8C                                          build/obj/vectors.o
Vector90                                          build/obj/vectors.o
Vector94                                          build/obj/vectors.o
Vector98                                          build/obj/vectors.o
Vector9C                                          build/obj/vectors.o
VectorA0                                          build/obj/vectors.o
VectorA4                                          build/obj/vectors.o
VectorA8                                          build/obj/vectors.o
VectorAC                                          build/obj/vectors.o
VectorB0                                          build/obj/vectors.o
VectorB4                                          build/obj/vectors.o
VectorB8                                          build/obj/vectors.o
VectorBC                                          build/obj/vectors.o
VectorC0                                          build/obj/vectors.o
VectorC4                                          build/obj/vectors.o
VectorC8                                          build/obj/vectors.o
VectorCC                                          build/obj/vectors.o
VectorD0                                          build/obj/vectors.o
VectorD4                                          build/obj/vectors.o
VectorD8                                          build/obj/serial_lld.o
                                                  build/obj/vectors.o
VectorDC                                          build/obj/vectors.o
VectorE0                                          build/obj/vectors.o
VectorE4                                          build/obj/vectors.o
VectorE8                                          build/obj/vectors.o
VectorEC                                          build/obj/vectors.o
VectorF0                                          build/obj/vectors.o
VectorF4                                          build/obj/vectors.o
VectorF8                                          build/obj/vectors.o
VectorFC                                          build/obj/stm32_dma.o
                                                  build/obj/vectors.o
__ctype_ptr__                                     /usr/lib/gcc/arm-none-eabi/4.9.2/../../../../arm-none-eabi/lib/armv7e-m/libg.a(lib_a-ctype_.o)
                                                  /usr/lib/gcc/arm-none-eabi/4.9.2/../../../../arm-none-eabi/lib/armv7e-m/libg.a(lib_a-strcasecmp.o)
__early_init                                      build/obj/board.o
                                                  build/obj/crt0.o
__fini_array_end                                  build/obj/crt0.o
__fini_array_start                                build/obj/crt0.o
__heap_base__                                     build/obj/chmemcore.o
__heap_end__                                      build/obj/chmemcore.o
__init_array_end                                  build/obj/crt0.o
__init_array_start                                build/obj/crt0.o
__late_init                                       build/obj/crt0.o
__main_stack_base__                               build/obj/crt0.o
__main_stack_end__                                build/obj/vectors.o
                                                  build/obj/crt0.o
__main_thread_stack_base__                        build/obj/chsys.o
__process_stack_base__                            build/obj/crt0.o
__process_stack_end__                             build/obj/crt0.o
_bss_end                                          build/obj/crt0.o
_bss_start                                        build/obj/crt0.o
_close_r                                          build/obj/syscalls.o
_core_init                                        build/obj/chmemcore.o
                                                  build/obj/chsys.o
_ctype_                                           /usr/lib/gcc/arm-none-eabi/4.9.2/../../../../arm-none-eabi/lib/armv7e-m/libg.a(lib_a-ctype_.o)
_data                                             build/obj/crt0.o
_default_exit                                     build/obj/crt0.o
_edata                                            build/obj/crt0.o
_fstat_r                                          build/obj/syscalls.o
_heap_init                                        build/obj/chheap.o
                                                  build/obj/chsys.o
_idle_thread                                      build/obj/chsys.o
_idle_thread_wa                                   build/obj/chsys.o
_isatty_r                                         build/obj/syscalls.o
_lseek_r                                          build/obj/syscalls.o
_pal_lld_init                                     build/obj/pal_lld.o
                                                  build/obj/hal.o
_pal_lld_setgroupmode                             build/obj/pal_lld.o
                                                  build/obj/pal.o
_port_init                                        build/obj/chcore_v7m.o
                                                  build/obj/chsys.o
_port_irq_epilogue                                build/obj/chcore_v7m.o
                                                  build/obj/serial_lld.o
                                                  build/obj/sdc_lld.o
                                                  build/obj/stm32_dma.o
_port_switch                                      build/obj/chcore_v7m.o
                                                  build/obj/chschd.o
_port_switch_from_isr                             build/obj/chcore_v7m.o
_port_thread_start                                build/obj/chcore_v7m.o
                                                  build/obj/chthreads.o
_read_r                                           build/obj/syscalls.o
_sbrk_r                                           build/obj/syscalls.o
_scheduler_init                                   build/obj/chschd.o
                                                  build/obj/chsys.o
_sdc_wait_for_transfer_state                      build/obj/sdc.o
                                                  build/obj/sdc_lld.o
_stm32_dma_streams                                build/obj/stm32_dma.o
                                                  build/obj/sdc_lld.o
_textdata                                         build/obj/crt0.o
_thread_init                                      build/obj/chthreads.o
                                                  build/obj/chsys.o
_thread_memfill                                   build/obj/chthreads.o
                                                  build/obj/chdynamic.o
_trace_init                                       build/obj/chdebug.o
                                                  build/obj/chsys.o
_unhandled_exception                              build/obj/vectors.o
_vectors                                          build/obj/vectors.o
_vt_init                                          build/obj/chvt.o
                                                  build/obj/chsys.o
_write_r                                          build/obj/syscalls.o
badblocks                                         build/obj/main.o
boardInit                                         build/obj/board.o
                                                  build/obj/hal.o
chCondBroadcast                                   build/obj/chcond.o
chCondBroadcastI                                  build/obj/chcond.o
chCondInit                                        build/obj/chcond.o
chCondSignal                                      build/obj/chcond.o
chCondSignalI                                     build/obj/chcond.o
chCondWait                                        build/obj/chcond.o
chCondWaitS                                       build/obj/chcond.o
chCondWaitTimeout                                 build/obj/chcond.o
chCondWaitTimeoutS                                build/obj/chcond.o
chCoreAlloc                                       build/obj/chmemcore.o
                                                  build/obj/syscalls.o
                                                  build/obj/chheap.o
chCoreAllocI                                      build/obj/chmemcore.o
chCoreStatus                                      build/obj/chmemcore.o
chDbgCheckClassI                                  build/obj/chdebug.o
                                                  build/obj/serial.o
                                                  build/obj/chmempools.o
                                                  build/obj/chmemcore.o
                                                  build/obj/chqueues.o
                                                  build/obj/chmboxes.o
                                                  build/obj/chevents.o
                                                  build/obj/chcond.o
                                                  build/obj/chsem.o
                                                  build/obj/chthreads.o
                                                  build/obj/chschd.o
                                                  build/obj/chvt.o
                                                  build/obj/chsys.o
chDbgCheckClassS                                  build/obj/chdebug.o
                                                  build/obj/chmboxes.o
                                                  build/obj/chcond.o
                                                  build/obj/chmtx.o
                                                  build/obj/chsem.o
                                                  build/obj/chschd.o
chDbgPanic                                        build/obj/chdebug.o
                                                  build/obj/main.o
                                                  build/obj/syscalls.o
                                                  build/obj/sdc_lld.o
                                                  build/obj/stm32_dma.o
                                                  build/obj/serial.o
                                                  build/obj/sdc.o
                                                  build/obj/pal.o
                                                  build/obj/mmcsd.o
                                                  build/obj/chmempools.o
                                                  build/obj/chheap.o
                                                  build/obj/chqueues.o
                                                  build/obj/chmboxes.o
                                                  build/obj/chmsg.o
                                                  build/obj/chevents.o
                                                  build/obj/chcond.o
                                                  build/obj/chmtx.o
                                                  build/obj/chsem.o
                                                  build/obj/chregistry.o
                                                  build/obj/chdynamic.o
                                                  build/obj/chthreads.o
                                                  build/obj/chschd.o
                                                  build/obj/chvt.o
chEvtAddEvents                                    build/obj/chevents.o
chEvtBroadcastFlags                               build/obj/chevents.o
chEvtBroadcastFlagsI                              build/obj/chevents.o
                                                  build/obj/shell.o
                                                  build/obj/evtimer.o
                                                  build/obj/serial_lld.o
                                                  build/obj/serial.o
chEvtDispatch                                     build/obj/chevents.o
chEvtGetAndClearEvents                            build/obj/chevents.o
chEvtGetAndClearFlags                             build/obj/chevents.o
chEvtGetAndClearFlagsI                            build/obj/chevents.o
chEvtRegisterMask                                 build/obj/chevents.o
chEvtSignal                                       build/obj/chevents.o
chEvtSignalI                                      build/obj/chevents.o
chEvtUnregister                                   build/obj/chevents.o
chEvtWaitAll                                      build/obj/chevents.o
chEvtWaitAllTimeout                               build/obj/chevents.o
chEvtWaitAny                                      build/obj/chevents.o
chEvtWaitAnyTimeout                               build/obj/chevents.o
chEvtWaitOne                                      build/obj/chevents.o
chEvtWaitOneTimeout                               build/obj/chevents.o
chHeapAlloc                                       build/obj/chheap.o
                                                  build/obj/fatfs_syscall.o
                                                  build/obj/chdynamic.o
chHeapFree                                        build/obj/chheap.o
                                                  build/obj/fatfs_syscall.o
                                                  build/obj/chdynamic.o
chHeapInit                                        build/obj/chheap.o
chHeapStatus                                      build/obj/chheap.o
chIQGetTimeout                                    build/obj/chqueues.o
                                                  build/obj/serial.o
chIQInit                                          build/obj/chqueues.o
                                                  build/obj/serial.o
chIQPutI                                          build/obj/chqueues.o
                                                  build/obj/serial.o
chIQReadTimeout                                   build/obj/chqueues.o